<html>
<body>
<pre>
<h1>µVision Build Log</h1>
<h2>Tool Versions:</h2>
IDE-Version: ¦ÌVision V5.38.0.0
Copyright (C) 2022 ARM Ltd and ARM Germany GmbH. All rights reserved.
License Information:  ,  , LIC=YA39H-WS2VX-GKYBG-V42WV-W1ZVZ-CRPWV
 
Tool Versions:
Toolchain:       MDK-ARM Plus  Version: 5.38.0.0
Toolchain Path:  E:\software\Keil5\ARM\ARMCC\Bin
C Compiler:      Armcc.exe V5.06 update 7 (build 960)
Assembler:       Armasm.exe V5.06 update 7 (build 960)
Linker/Locator:  ArmLink.exe V5.06 update 7 (build 960)
Library Manager: ArmAr.exe V5.06 update 7 (build 960)
Hex Converter:   FromElf.exe V5.06 update 7 (build 960)
CPU DLL:         SARMCM3.DLL V5.38.0.0
Dialog DLL:      DCM.DLL V1.17.5.0
Target DLL:      CMSIS_AGDI.dll V1.33.15.0
Dialog DLL:      TCM.DLL V1.56.4.0
 
<h2>Project:</h2>
D:\Record01\USART_1.4\MDK\USART.uvprojx
Project File Date:  11/21/2024

<h2>Output:</h2>
*** Using Compiler 'V5.06 update 7 (build 960)', folder: 'E:\software\Keil5\ARM\ARMCC\Bin'
Rebuild target 'USART'
assembling startup_hc32f460.s...
compiling hc32f460_utility.c...
compiling hc32f460_icg.c...
compiling system_hc32f460.c...
compiling hc32f460_sram.c...
compiling hc32f460_gpio.c...
compiling hc32f460_exint_nmi_swi.c...
compiling hc32f460_efm.c...
compiling main.c...
compiling hc32f460_clk.c...
compiling hc32f460_interrupts.c...
compiling hc32f460_pwc.c...
compiling hc32f460_usart.c...
compiling usart.c...
compiling led.c...
compiling key.c...
linking...
Program Size: Code=10448 RO-data=776 RW-data=36 ZI-data=2148  
FromELF: creating hex file...
".\output\release\USART.axf" - 0 Error(s), 0 Warning(s).

<h2>Software Packages used:</h2>

Package Vendor: ARM
                http://www.keil.com/pack/ARM.CMSIS.5.9.0.pack
                ARM.CMSIS.5.9.0
                CMSIS (Common Microcontroller Software Interface Standard)
   * Component: CORE Version: 5.6.0

Package Vendor: HDSC
                https://raw.githubusercontent.com/hdscmcu/pack/master/HDSC.HC32F460.1.0.8.pack
                HDSC.HC32F460.1.0.8
                HC32F460 ARM Cortex-M4 Device Family Pack

<h2>Collection of Component include folders:</h2>
  ./RTE/_USART
  E:/software/Keil5/ARM/CMSIS/5.9.0/CMSIS/Core/Include
  E:/software/Keil5/HDSC/HC32F460/1.0.8/Device/Include

<h2>Collection of Component Files used:</h2>

   * Component: ARM::CMSIS:CORE:5.6.0
Build Time Elapsed:  00:00:05
</pre>
</body>
</html>
